2022-09-28 00:36:46 [    INFO] ====== WebDriver manager ====== (logger.py:16)
2022-09-28 00:36:46 [    INFO] Current google-chrome version is 105.0.5195 (logger.py:16)
2022-09-28 00:36:46 [    INFO] Get LATEST chromedriver version for 105.0.5195 google-chrome (logger.py:16)
2022-09-28 00:36:46 [   DEBUG] Starting new HTTPS connection (1): chromedriver.storage.googleapis.com:443 (connectionpool.py:1007)
2022-09-28 00:36:46 [   DEBUG] https://chromedriver.storage.googleapis.com:443 "GET /LATEST_RELEASE_105.0.5195 HTTP/1.1" 200 13 (connectionpool.py:465)
2022-09-28 00:36:46 [    INFO] Driver [/home/parshuram/.wdm/drivers/chromedriver/linux64/105.0.5195.52/chromedriver] found in cache (logger.py:16)
2022-09-28 00:36:47 [   DEBUG] POST http://127.0.0.1:39049/session {"capabilities": {"firstMatch": [{}], "alwaysMatch": {"browserName": "chrome", "platformName": "any", "goog:chromeOptions": {"extensions": [], "args": []}}}, "desiredCapabilities": {"browserName": "chrome", "version": "", "platform": "ANY", "goog:chromeOptions": {"extensions": [], "args": []}}} (remote_connection.py:388)
2022-09-28 00:36:47 [   DEBUG] Starting new HTTP connection (1): 127.0.0.1:39049 (connectionpool.py:232)
2022-09-28 00:36:48 [   DEBUG] http://127.0.0.1:39049 "POST /session HTTP/1.1" 200 753 (connectionpool.py:465)
2022-09-28 00:36:48 [   DEBUG] Finished Request (remote_connection.py:440)
2022-09-28 00:36:48 [   DEBUG] POST http://127.0.0.1:39049/session/c787334fdaf1eec3c724f1fe1c8866ab/url {"url": "https://google.com"} (remote_connection.py:388)
2022-09-28 00:36:51 [   DEBUG] http://127.0.0.1:39049 "POST /session/c787334fdaf1eec3c724f1fe1c8866ab/url HTTP/1.1" 200 14 (connectionpool.py:465)
2022-09-28 00:36:51 [   DEBUG] Finished Request (remote_connection.py:440)
2022-09-28 00:36:55 [   DEBUG] POST http://127.0.0.1:39049/session/c787334fdaf1eec3c724f1fe1c8866ab/window/maximize {} (remote_connection.py:388)
2022-09-28 00:36:55 [   DEBUG] http://127.0.0.1:39049 "POST /session/c787334fdaf1eec3c724f1fe1c8866ab/window/maximize HTTP/1.1" 200 51 (connectionpool.py:465)
2022-09-28 00:36:55 [   DEBUG] Finished Request (remote_connection.py:440)
2022-09-28 00:36:55 [   DEBUG] DELETE http://127.0.0.1:39049/session/c787334fdaf1eec3c724f1fe1c8866ab/window {} (remote_connection.py:388)
2022-09-28 00:36:55 [   DEBUG] http://127.0.0.1:39049 "DELETE /session/c787334fdaf1eec3c724f1fe1c8866ab/window HTTP/1.1" 200 12 (connectionpool.py:465)
2022-09-28 00:36:55 [   DEBUG] Finished Request (remote_connection.py:440)
2022-09-28 00:36:55 [   DEBUG] DELETE http://127.0.0.1:39049/session/c787334fdaf1eec3c724f1fe1c8866ab {} (remote_connection.py:388)
2022-09-28 00:36:55 [   DEBUG] http://127.0.0.1:39049 "DELETE /session/c787334fdaf1eec3c724f1fe1c8866ab HTTP/1.1" 200 14 (connectionpool.py:465)
2022-09-28 00:36:55 [   DEBUG] Finished Request (remote_connection.py:440)
